mode: set
github.com/mzkki/ottodot-trial/internal/delivery/http/docs/handler.go:31.34,34.2 2 1
github.com/mzkki/ottodot-trial/internal/delivery/http/response/response.go:19.76,25.19 2 1
github.com/mzkki/ottodot-trial/internal/delivery/http/response/response.go:25.19,27.3 1 1
github.com/mzkki/ottodot-trial/internal/delivery/http/response/response.go:29.2,29.22 1 1
github.com/mzkki/ottodot-trial/internal/delivery/http/response/response.go:32.56,37.2 1 1
github.com/mzkki/ottodot-trial/internal/delivery/http/response/response.go:39.60,45.2 1 0
github.com/mzkki/ottodot-trial/internal/delivery/http/response/response.go:47.43,49.2 1 1
github.com/mzkki/ottodot-trial/internal/config/database.go:12.52,22.16 3 0
github.com/mzkki/ottodot-trial/internal/config/database.go:22.16,24.3 1 0
github.com/mzkki/ottodot-trial/internal/config/database.go:26.2,27.16 2 0
github.com/mzkki/ottodot-trial/internal/config/database.go:27.16,29.3 1 0
github.com/mzkki/ottodot-trial/internal/config/database.go:31.2,32.18 2 0
github.com/mzkki/ottodot-trial/internal/config/database.go:32.18,34.3 1 0
github.com/mzkki/ottodot-trial/internal/config/database.go:35.2,38.18 3 0
github.com/mzkki/ottodot-trial/internal/config/database.go:38.18,40.3 1 0
github.com/mzkki/ottodot-trial/internal/config/database.go:41.2,44.19 3 0
github.com/mzkki/ottodot-trial/internal/config/database.go:44.19,46.3 1 0
github.com/mzkki/ottodot-trial/internal/config/database.go:47.2,49.16 2 0
github.com/mzkki/ottodot-trial/internal/config/logger.go:11.58,19.15 6 1
github.com/mzkki/ottodot-trial/internal/config/logger.go:20.15,21.54 1 1
github.com/mzkki/ottodot-trial/internal/config/logger.go:22.14,23.53 1 1
github.com/mzkki/ottodot-trial/internal/config/logger.go:24.15,25.54 1 1
github.com/mzkki/ottodot-trial/internal/config/logger.go:26.10,27.53 1 1
github.com/mzkki/ottodot-trial/internal/config/logger.go:30.2,37.16 7 1
github.com/mzkki/ottodot-trial/internal/config/logger.go:37.16,39.3 1 0
github.com/mzkki/ottodot-trial/internal/config/logger.go:41.2,44.8 1 1
github.com/mzkki/ottodot-trial/internal/infrastructure/payment/mock_payment.go:21.71,25.2 1 1
github.com/mzkki/ottodot-trial/internal/infrastructure/payment/mock_payment.go:30.116,31.19 1 1
github.com/mzkki/ottodot-trial/internal/infrastructure/payment/mock_payment.go:31.19,32.10 1 1
github.com/mzkki/ottodot-trial/internal/infrastructure/payment/mock_payment.go:33.21,34.45 1 1
github.com/mzkki/ottodot-trial/internal/infrastructure/payment/mock_payment.go:35.32,35.32 0 0
github.com/mzkki/ottodot-trial/internal/infrastructure/payment/mock_payment.go:39.2,39.25 1 1
github.com/mzkki/ottodot-trial/internal/infrastructure/payment/mock_payment.go:39.25,45.3 1 1
github.com/mzkki/ottodot-trial/internal/infrastructure/payment/mock_payment.go:47.2,51.8 1 1
github.com/mzkki/ottodot-trial/internal/pkg/tx/transaction.go:18.69,20.2 1 1
github.com/mzkki/ottodot-trial/internal/pkg/tx/transaction.go:24.113,25.69 1 0
github.com/mzkki/ottodot-trial/internal/pkg/tx/transaction.go:25.69,28.3 2 0
github.com/mzkki/ottodot-trial/internal/pkg/tx/transaction.go:33.55,34.49 1 1
github.com/mzkki/ottodot-trial/internal/pkg/tx/transaction.go:34.49,36.3 1 1
github.com/mzkki/ottodot-trial/internal/pkg/tx/transaction.go:37.2,37.28 1 1
github.com/mzkki/ottodot-trial/internal/delivery/http/middleware/access_log.go:10.52,11.30 1 1
github.com/mzkki/ottodot-trial/internal/delivery/http/middleware/access_log.go:11.30,30.10 7 1
github.com/mzkki/ottodot-trial/internal/delivery/http/middleware/access_log.go:31.22,32.38 1 1
github.com/mzkki/ottodot-trial/internal/delivery/http/middleware/access_log.go:33.22,34.37 1 1
github.com/mzkki/ottodot-trial/internal/delivery/http/middleware/access_log.go:35.11,36.37 1 1
github.com/mzkki/ottodot-trial/internal/delivery/http/middleware/rate_limit.go:26.59,37.2 3 1
github.com/mzkki/ottodot-trial/internal/delivery/http/middleware/rate_limit.go:39.60,44.13 4 1
github.com/mzkki/ottodot-trial/internal/delivery/http/middleware/rate_limit.go:44.13,48.3 3 1
github.com/mzkki/ottodot-trial/internal/delivery/http/middleware/rate_limit.go:50.2,51.23 2 1
github.com/mzkki/ottodot-trial/internal/delivery/http/middleware/rate_limit.go:54.57,56.21 2 1
github.com/mzkki/ottodot-trial/internal/delivery/http/middleware/rate_limit.go:56.21,58.37 2 0
github.com/mzkki/ottodot-trial/internal/delivery/http/middleware/rate_limit.go:58.37,59.48 1 0
github.com/mzkki/ottodot-trial/internal/delivery/http/middleware/rate_limit.go:59.48,61.5 1 0
github.com/mzkki/ottodot-trial/internal/delivery/http/middleware/rate_limit.go:63.3,63.16 1 0
github.com/mzkki/ottodot-trial/internal/delivery/http/middleware/rate_limit.go:68.56,69.30 1 1
github.com/mzkki/ottodot-trial/internal/delivery/http/middleware/rate_limit.go:69.30,73.29 3 1
github.com/mzkki/ottodot-trial/internal/delivery/http/middleware/rate_limit.go:73.29,77.43 2 1
github.com/mzkki/ottodot-trial/internal/delivery/http/middleware/rate_limit.go:77.43,80.5 2 1
github.com/mzkki/ottodot-trial/internal/delivery/http/middleware/rate_limit.go:80.10,85.5 1 1
github.com/mzkki/ottodot-trial/internal/delivery/http/middleware/rate_limit.go:86.4,87.10 2 1
github.com/mzkki/ottodot-trial/internal/delivery/http/middleware/rate_limit.go:90.3,90.11 1 1
github.com/mzkki/ottodot-trial/internal/delivery/http/middleware/recovery_log.go:11.54,12.72 1 1
github.com/mzkki/ottodot-trial/internal/delivery/http/middleware/recovery_log.go:12.72,23.3 2 1
github.com/mzkki/ottodot-trial/internal/delivery/http/middleware/request_id.go:8.34,9.30 1 1
github.com/mzkki/ottodot-trial/internal/delivery/http/middleware/request_id.go:9.30,11.15 2 1
github.com/mzkki/ottodot-trial/internal/delivery/http/middleware/request_id.go:11.15,13.4 1 1
github.com/mzkki/ottodot-trial/internal/delivery/http/middleware/request_id.go:14.3,16.11 3 1
github.com/mzkki/ottodot-trial/internal/delivery/http/middleware/security.go:8.40,9.30 1 1
github.com/mzkki/ottodot-trial/internal/delivery/http/middleware/security.go:9.30,15.3 5 1
github.com/mzkki/ottodot-trial/cmd/api/app.go:39.36,44.2 1 1
github.com/mzkki/ottodot-trial/cmd/api/app.go:46.28,51.64 5 1
github.com/mzkki/ottodot-trial/cmd/api/app.go:51.65,53.3 0 0
github.com/mzkki/ottodot-trial/cmd/api/app.go:56.2,56.36 1 1
github.com/mzkki/ottodot-trial/cmd/api/app.go:56.36,58.19 2 1
github.com/mzkki/ottodot-trial/cmd/api/app.go:58.19,60.4 1 1
github.com/mzkki/ottodot-trial/cmd/api/app.go:61.3,61.19 1 1
github.com/mzkki/ottodot-trial/cmd/api/app.go:61.19,63.4 1 1
github.com/mzkki/ottodot-trial/cmd/api/app.go:66.2,66.14 1 1
github.com/mzkki/ottodot-trial/cmd/api/app.go:69.28,71.16 2 1
github.com/mzkki/ottodot-trial/cmd/api/app.go:71.16,72.54 1 0
github.com/mzkki/ottodot-trial/cmd/api/app.go:74.2,74.16 1 1
github.com/mzkki/ottodot-trial/cmd/api/app.go:77.30,79.16 2 1
github.com/mzkki/ottodot-trial/cmd/api/app.go:79.16,81.3 1 0
github.com/mzkki/ottodot-trial/cmd/api/app.go:82.2,83.11 2 1
github.com/mzkki/ottodot-trial/cmd/api/app.go:87.60,89.29 1 1
github.com/mzkki/ottodot-trial/cmd/api/app.go:89.29,91.4 1 1
github.com/mzkki/ottodot-trial/cmd/api/app.go:92.38,93.14 1 1
github.com/mzkki/ottodot-trial/cmd/api/app.go:93.14,95.5 1 0
github.com/mzkki/ottodot-trial/cmd/api/app.go:96.4,96.34 1 1
github.com/mzkki/ottodot-trial/cmd/api/app.go:99.2,101.81 2 1
github.com/mzkki/ottodot-trial/cmd/api/app.go:101.81,102.17 1 1
github.com/mzkki/ottodot-trial/cmd/api/app.go:102.17,104.4 1 0
github.com/mzkki/ottodot-trial/cmd/api/app.go:105.3,105.16 1 1
github.com/mzkki/ottodot-trial/cmd/api/app.go:105.16,107.4 1 1
github.com/mzkki/ottodot-trial/cmd/api/app.go:108.3,108.36 1 1
github.com/mzkki/ottodot-trial/cmd/api/app.go:108.36,110.18 2 1
github.com/mzkki/ottodot-trial/cmd/api/app.go:110.18,112.5 1 0
github.com/mzkki/ottodot-trial/cmd/api/app.go:114.3,114.13 1 1
github.com/mzkki/ottodot-trial/cmd/api/app.go:117.2,117.18 1 1
github.com/mzkki/ottodot-trial/cmd/api/app.go:120.28,127.16 5 1
github.com/mzkki/ottodot-trial/cmd/api/app.go:127.16,129.3 1 0
github.com/mzkki/ottodot-trial/cmd/api/app.go:130.2,145.2 10 1
github.com/mzkki/ottodot-trial/cmd/api/app.go:145.2,149.3 3 1
github.com/mzkki/ottodot-trial/cmd/api/app.go:150.2,150.38 1 1
github.com/mzkki/ottodot-trial/cmd/api/app.go:150.38,152.3 1 1
github.com/mzkki/ottodot-trial/cmd/api/app.go:155.2,156.16 2 1
github.com/mzkki/ottodot-trial/cmd/api/app.go:156.16,158.3 1 0
github.com/mzkki/ottodot-trial/cmd/api/app.go:161.2,163.14 2 1
github.com/mzkki/ottodot-trial/cmd/api/app.go:166.21,170.16 3 0
github.com/mzkki/ottodot-trial/cmd/api/app.go:170.16,172.3 1 0
github.com/mzkki/ottodot-trial/cmd/api/app.go:174.2,185.12 3 0
github.com/mzkki/ottodot-trial/cmd/api/app.go:185.12,186.77 1 0
github.com/mzkki/ottodot-trial/cmd/api/app.go:186.77,188.4 1 0
github.com/mzkki/ottodot-trial/cmd/api/app.go:191.2,200.42 7 0
github.com/mzkki/ottodot-trial/cmd/api/app.go:200.42,202.3 1 0
github.com/mzkki/ottodot-trial/cmd/api/app.go:204.2,204.17 1 0
github.com/mzkki/ottodot-trial/cmd/api/app.go:204.17,205.42 1 0
github.com/mzkki/ottodot-trial/cmd/api/app.go:205.42,206.50 1 0
github.com/mzkki/ottodot-trial/cmd/api/app.go:206.50,208.5 1 0
github.com/mzkki/ottodot-trial/cmd/api/app.go:208.10,210.5 1 0
github.com/mzkki/ottodot-trial/cmd/api/app.go:214.2,214.33 1 0
github.com/mzkki/ottodot-trial/cmd/api/app.go:217.20,224.2 6 1
github.com/mzkki/ottodot-trial/cmd/api/main.go:11.13,14.2 2 0
github.com/mzkki/ottodot-trial/internal/usecase/booking_usecase.go:139.19,149.2 1 1
github.com/mzkki/ottodot-trial/internal/usecase/booking_usecase.go:160.19,170.2 1 1
github.com/mzkki/ottodot-trial/internal/usecase/booking_usecase.go:175.86,177.2 1 1
github.com/mzkki/ottodot-trial/internal/usecase/booking_usecase.go:180.110,182.2 1 1
github.com/mzkki/ottodot-trial/internal/usecase/booking_usecase.go:185.114,187.2 1 1
github.com/mzkki/ottodot-trial/internal/usecase/booking_usecase.go:191.127,193.16 2 1
github.com/mzkki/ottodot-trial/internal/usecase/booking_usecase.go:193.16,195.3 1 1
github.com/mzkki/ottodot-trial/internal/usecase/booking_usecase.go:197.2,198.16 2 1
github.com/mzkki/ottodot-trial/internal/usecase/booking_usecase.go:198.16,200.3 1 1
github.com/mzkki/ottodot-trial/internal/usecase/booking_usecase.go:202.2,203.16 2 1
github.com/mzkki/ottodot-trial/internal/usecase/booking_usecase.go:203.16,205.3 1 1
github.com/mzkki/ottodot-trial/internal/usecase/booking_usecase.go:207.2,208.29 2 1
github.com/mzkki/ottodot-trial/internal/usecase/booking_usecase.go:208.29,213.15 5 1
github.com/mzkki/ottodot-trial/internal/usecase/booking_usecase.go:213.15,216.4 2 1
github.com/mzkki/ottodot-trial/internal/usecase/booking_usecase.go:218.3,219.20 2 1
github.com/mzkki/ottodot-trial/internal/usecase/booking_usecase.go:219.20,221.4 1 1
github.com/mzkki/ottodot-trial/internal/usecase/booking_usecase.go:223.3,236.5 1 1
github.com/mzkki/ottodot-trial/internal/usecase/booking_usecase.go:239.2,239.18 1 1
github.com/mzkki/ottodot-trial/internal/usecase/booking_usecase.go:243.127,245.16 2 1
github.com/mzkki/ottodot-trial/internal/usecase/booking_usecase.go:245.16,247.3 1 1
github.com/mzkki/ottodot-trial/internal/usecase/booking_usecase.go:248.2,249.29 2 1
github.com/mzkki/ottodot-trial/internal/usecase/booking_usecase.go:249.29,251.3 1 1
github.com/mzkki/ottodot-trial/internal/usecase/booking_usecase.go:252.2,252.17 1 1
github.com/mzkki/ottodot-trial/internal/usecase/booking_usecase.go:256.90,258.2 1 1
github.com/mzkki/ottodot-trial/internal/usecase/booking_usecase.go:261.104,263.2 1 1
github.com/mzkki/ottodot-trial/internal/usecase/booking_usecase.go:266.104,268.2 1 1
github.com/mzkki/ottodot-trial/internal/usecase/booking_usecase.go:271.105,273.2 1 1
github.com/mzkki/ottodot-trial/internal/usecase/booking_usecase.go:276.101,278.2 1 1
github.com/mzkki/ottodot-trial/internal/usecase/booking_usecase.go:281.113,284.16 2 1
github.com/mzkki/ottodot-trial/internal/usecase/booking_usecase.go:284.16,286.3 1 1
github.com/mzkki/ottodot-trial/internal/usecase/booking_usecase.go:289.2,290.16 2 1
github.com/mzkki/ottodot-trial/internal/usecase/booking_usecase.go:290.16,292.3 1 1
github.com/mzkki/ottodot-trial/internal/usecase/booking_usecase.go:295.2,296.16 2 1
github.com/mzkki/ottodot-trial/internal/usecase/booking_usecase.go:296.16,298.3 1 1
github.com/mzkki/ottodot-trial/internal/usecase/booking_usecase.go:299.2,299.15 1 1
github.com/mzkki/ottodot-trial/internal/usecase/booking_usecase.go:299.15,301.3 1 1
github.com/mzkki/ottodot-trial/internal/usecase/booking_usecase.go:304.2,305.16 2 1
github.com/mzkki/ottodot-trial/internal/usecase/booking_usecase.go:305.16,307.3 1 1
github.com/mzkki/ottodot-trial/internal/usecase/booking_usecase.go:308.2,308.46 1 1
github.com/mzkki/ottodot-trial/internal/usecase/booking_usecase.go:308.46,310.3 1 1
github.com/mzkki/ottodot-trial/internal/usecase/booking_usecase.go:312.2,319.59 2 1
github.com/mzkki/ottodot-trial/internal/usecase/booking_usecase.go:319.59,321.3 1 1
github.com/mzkki/ottodot-trial/internal/usecase/booking_usecase.go:323.2,323.48 1 1
github.com/mzkki/ottodot-trial/internal/usecase/booking_usecase.go:327.127,330.76 2 1
github.com/mzkki/ottodot-trial/internal/usecase/booking_usecase.go:330.76,333.17 2 1
github.com/mzkki/ottodot-trial/internal/usecase/booking_usecase.go:333.17,335.4 1 1
github.com/mzkki/ottodot-trial/internal/usecase/booking_usecase.go:336.3,336.107 1 1
github.com/mzkki/ottodot-trial/internal/usecase/booking_usecase.go:336.107,339.4 2 1
github.com/mzkki/ottodot-trial/internal/usecase/booking_usecase.go:342.3,343.17 2 1
github.com/mzkki/ottodot-trial/internal/usecase/booking_usecase.go:343.17,345.4 1 1
github.com/mzkki/ottodot-trial/internal/usecase/booking_usecase.go:348.3,349.17 2 1
github.com/mzkki/ottodot-trial/internal/usecase/booking_usecase.go:349.17,351.4 1 1
github.com/mzkki/ottodot-trial/internal/usecase/booking_usecase.go:353.3,353.47 1 1
github.com/mzkki/ottodot-trial/internal/usecase/booking_usecase.go:353.47,356.63 2 1
github.com/mzkki/ottodot-trial/internal/usecase/booking_usecase.go:356.63,358.5 1 1
github.com/mzkki/ottodot-trial/internal/usecase/booking_usecase.go:359.4,360.14 2 1
github.com/mzkki/ottodot-trial/internal/usecase/booking_usecase.go:364.3,369.17 2 1
github.com/mzkki/ottodot-trial/internal/usecase/booking_usecase.go:369.17,371.4 1 1
github.com/mzkki/ottodot-trial/internal/usecase/booking_usecase.go:374.3,381.62 2 1
github.com/mzkki/ottodot-trial/internal/usecase/booking_usecase.go:381.62,383.4 1 1
github.com/mzkki/ottodot-trial/internal/usecase/booking_usecase.go:386.3,386.39 1 1
github.com/mzkki/ottodot-trial/internal/usecase/booking_usecase.go:386.39,388.63 2 1
github.com/mzkki/ottodot-trial/internal/usecase/booking_usecase.go:388.63,390.5 1 1
github.com/mzkki/ottodot-trial/internal/usecase/booking_usecase.go:391.4,392.14 2 1
github.com/mzkki/ottodot-trial/internal/usecase/booking_usecase.go:396.3,397.62 2 1
github.com/mzkki/ottodot-trial/internal/usecase/booking_usecase.go:397.62,399.4 1 1
github.com/mzkki/ottodot-trial/internal/usecase/booking_usecase.go:401.3,401.13 1 1
github.com/mzkki/ottodot-trial/internal/usecase/booking_usecase.go:405.2,406.21 2 1
github.com/mzkki/ottodot-trial/internal/usecase/booking_usecase.go:406.21,407.17 1 1
github.com/mzkki/ottodot-trial/internal/usecase/booking_usecase.go:407.17,409.4 1 1
github.com/mzkki/ottodot-trial/internal/usecase/booking_usecase.go:410.3,410.23 1 1
github.com/mzkki/ottodot-trial/internal/usecase/booking_usecase.go:413.2,413.16 1 1
github.com/mzkki/ottodot-trial/internal/usecase/booking_usecase.go:413.16,415.3 1 1
github.com/mzkki/ottodot-trial/internal/usecase/booking_usecase.go:416.2,416.35 1 1
github.com/mzkki/ottodot-trial/internal/delivery/http/routes/router.go:11.59,19.2 4 0
github.com/mzkki/ottodot-trial/internal/repository/booking_repository.go:20.59,22.2 1 0
github.com/mzkki/ottodot-trial/internal/repository/booking_repository_impl.go:14.88,17.2 2 0
github.com/mzkki/ottodot-trial/internal/repository/booking_repository_impl.go:20.88,23.2 2 0
github.com/mzkki/ottodot-trial/internal/repository/booking_repository_impl.go:26.95,32.44 4 0
github.com/mzkki/ottodot-trial/internal/repository/booking_repository_impl.go:32.44,34.3 1 0
github.com/mzkki/ottodot-trial/internal/repository/booking_repository_impl.go:35.2,35.22 1 0
github.com/mzkki/ottodot-trial/internal/repository/booking_repository_impl.go:40.104,46.44 4 0
github.com/mzkki/ottodot-trial/internal/repository/booking_repository_impl.go:46.44,48.3 1 0
github.com/mzkki/ottodot-trial/internal/repository/booking_repository_impl.go:49.2,49.22 1 0
github.com/mzkki/ottodot-trial/internal/repository/booking_repository_impl.go:53.104,60.2 4 0
github.com/mzkki/ottodot-trial/internal/repository/booking_repository_impl.go:63.105,75.16 5 0
github.com/mzkki/ottodot-trial/internal/repository/booking_repository_impl.go:75.16,77.3 1 0
github.com/mzkki/ottodot-trial/internal/repository/booking_repository_impl.go:79.2,80.30 2 0
github.com/mzkki/ottodot-trial/internal/repository/booking_repository_impl.go:80.30,82.3 1 0
github.com/mzkki/ottodot-trial/internal/repository/booking_repository_impl.go:83.2,83.20 1 0
github.com/mzkki/ottodot-trial/internal/repository/booking_repository_impl.go:88.108,96.2 4 0
github.com/mzkki/ottodot-trial/internal/repository/booking_repository_impl.go:99.115,107.2 4 0
github.com/mzkki/ottodot-trial/internal/repository/booking_repository_impl.go:110.116,117.2 4 0
github.com/mzkki/ottodot-trial/internal/repository/parent_repository.go:13.57,15.2 1 0
github.com/mzkki/ottodot-trial/internal/repository/parent_repository_impl.go:11.82,16.2 4 0
github.com/mzkki/ottodot-trial/internal/repository/parent_repository_impl.go:19.93,23.16 4 0
github.com/mzkki/ottodot-trial/internal/repository/parent_repository_impl.go:23.16,25.3 1 0
github.com/mzkki/ottodot-trial/internal/repository/parent_repository_impl.go:26.2,26.21 1 0
github.com/mzkki/ottodot-trial/internal/repository/payment_attempt_repository.go:13.73,15.2 1 0
github.com/mzkki/ottodot-trial/internal/repository/payment_attempt_repository_impl.go:11.102,14.2 2 0
github.com/mzkki/ottodot-trial/internal/repository/payment_attempt_repository_impl.go:17.124,24.2 4 0
github.com/mzkki/ottodot-trial/internal/repository/student_repository.go:13.59,15.2 1 0
github.com/mzkki/ottodot-trial/internal/repository/student_repository_impl.go:11.108,16.2 4 0
github.com/mzkki/ottodot-trial/internal/repository/student_repository_impl.go:19.95,23.16 4 0
github.com/mzkki/ottodot-trial/internal/repository/student_repository_impl.go:23.16,25.3 1 0
github.com/mzkki/ottodot-trial/internal/repository/student_repository_impl.go:26.2,26.22 1 0
github.com/mzkki/ottodot-trial/internal/repository/trial_class_repository.go:13.65,15.2 1 0
github.com/mzkki/ottodot-trial/internal/repository/trial_class_repository_impl.go:12.90,17.2 4 0
github.com/mzkki/ottodot-trial/internal/repository/trial_class_repository_impl.go:20.101,24.16 4 0
github.com/mzkki/ottodot-trial/internal/repository/trial_class_repository_impl.go:24.16,26.3 1 0
github.com/mzkki/ottodot-trial/internal/repository/trial_class_repository_impl.go:27.2,27.20 1 0
github.com/mzkki/ottodot-trial/internal/repository/trial_class_repository_impl.go:31.110,35.16 4 0
github.com/mzkki/ottodot-trial/internal/repository/trial_class_repository_impl.go:35.16,37.3 1 0
github.com/mzkki/ottodot-trial/internal/repository/trial_class_repository_impl.go:38.2,38.20 1 0
github.com/mzkki/ottodot-trial/internal/repository/trial_class_repository_impl.go:42.124,51.2 4 0
github.com/mzkki/ottodot-trial/internal/delivery/http/admin/handler.go:17.104,22.2 1 0
github.com/mzkki/ottodot-trial/internal/delivery/http/admin/handler.go:33.50,35.19 2 0
github.com/mzkki/ottodot-trial/internal/delivery/http/admin/handler.go:35.19,37.3 1 0
github.com/mzkki/ottodot-trial/internal/delivery/http/admin/handler.go:38.2,38.19 1 0
github.com/mzkki/ottodot-trial/internal/delivery/http/admin/handler.go:38.19,45.3 2 0
github.com/mzkki/ottodot-trial/internal/delivery/http/admin/handler.go:47.2,47.47 1 0
github.com/mzkki/ottodot-trial/internal/delivery/http/admin/handler.go:47.47,50.3 2 0
github.com/mzkki/ottodot-trial/internal/delivery/http/admin/handler.go:52.2,53.16 2 0
github.com/mzkki/ottodot-trial/internal/delivery/http/admin/handler.go:53.16,57.3 3 0
github.com/mzkki/ottodot-trial/internal/delivery/http/admin/handler.go:59.2,60.16 2 0
github.com/mzkki/ottodot-trial/internal/delivery/http/admin/handler.go:60.16,64.3 3 0
github.com/mzkki/ottodot-trial/internal/delivery/http/admin/handler.go:66.2,70.4 1 0
github.com/mzkki/ottodot-trial/internal/delivery/http/admin/handler.go:81.54,83.16 2 0
github.com/mzkki/ottodot-trial/internal/delivery/http/admin/handler.go:83.16,87.3 3 0
github.com/mzkki/ottodot-trial/internal/delivery/http/admin/handler.go:89.2,89.63 1 0
github.com/mzkki/ottodot-trial/internal/delivery/http/admin/route.go:7.69,11.2 3 0
github.com/mzkki/ottodot-trial/internal/delivery/http/booking/handler.go:18.108,23.2 1 0
github.com/mzkki/ottodot-trial/internal/delivery/http/booking/handler.go:34.54,36.20 2 0
github.com/mzkki/ottodot-trial/internal/delivery/http/booking/handler.go:36.20,39.3 2 0
github.com/mzkki/ottodot-trial/internal/delivery/http/booking/handler.go:41.2,41.48 1 0
github.com/mzkki/ottodot-trial/internal/delivery/http/booking/handler.go:41.48,44.3 2 0
github.com/mzkki/ottodot-trial/internal/delivery/http/booking/handler.go:46.2,47.16 2 0
github.com/mzkki/ottodot-trial/internal/delivery/http/booking/handler.go:47.16,51.3 3 0
github.com/mzkki/ottodot-trial/internal/delivery/http/booking/handler.go:53.2,53.70 1 0
github.com/mzkki/ottodot-trial/internal/delivery/http/booking/handler.go:66.53,68.21 2 0
github.com/mzkki/ottodot-trial/internal/delivery/http/booking/handler.go:68.21,71.3 2 0
github.com/mzkki/ottodot-trial/internal/delivery/http/booking/handler.go:73.2,73.49 1 0
github.com/mzkki/ottodot-trial/internal/delivery/http/booking/handler.go:73.49,76.3 2 0
github.com/mzkki/ottodot-trial/internal/delivery/http/booking/handler.go:78.2,79.16 2 0
github.com/mzkki/ottodot-trial/internal/delivery/http/booking/handler.go:79.16,83.3 3 0
github.com/mzkki/ottodot-trial/internal/delivery/http/booking/handler.go:85.2,88.4 1 0
github.com/mzkki/ottodot-trial/internal/delivery/http/booking/handler.go:101.56,103.43 2 0
github.com/mzkki/ottodot-trial/internal/delivery/http/booking/handler.go:103.43,106.3 2 0
github.com/mzkki/ottodot-trial/internal/delivery/http/booking/handler.go:108.2,109.16 2 0
github.com/mzkki/ottodot-trial/internal/delivery/http/booking/handler.go:109.16,113.50 3 0
github.com/mzkki/ottodot-trial/internal/delivery/http/booking/handler.go:113.50,115.4 1 0
github.com/mzkki/ottodot-trial/internal/delivery/http/booking/handler.go:115.9,115.50 1 0
github.com/mzkki/ottodot-trial/internal/delivery/http/booking/handler.go:115.50,117.4 1 0
github.com/mzkki/ottodot-trial/internal/delivery/http/booking/handler.go:119.3,120.9 2 0
github.com/mzkki/ottodot-trial/internal/delivery/http/booking/handler.go:123.2,125.4 1 0
github.com/mzkki/ottodot-trial/internal/delivery/http/booking/handler.go:139.57,141.49 2 0
github.com/mzkki/ottodot-trial/internal/delivery/http/booking/handler.go:141.49,144.3 2 0
github.com/mzkki/ottodot-trial/internal/delivery/http/booking/handler.go:146.2,151.16 5 0
github.com/mzkki/ottodot-trial/internal/delivery/http/booking/handler.go:151.16,158.21 2 0
github.com/mzkki/ottodot-trial/internal/delivery/http/booking/handler.go:158.21,160.44 2 0
github.com/mzkki/ottodot-trial/internal/delivery/http/booking/handler.go:160.44,162.5 1 0
github.com/mzkki/ottodot-trial/internal/delivery/http/booking/handler.go:162.10,162.59 1 0
github.com/mzkki/ottodot-trial/internal/delivery/http/booking/handler.go:162.59,164.5 1 0
github.com/mzkki/ottodot-trial/internal/delivery/http/booking/handler.go:164.10,164.55 1 0
github.com/mzkki/ottodot-trial/internal/delivery/http/booking/handler.go:164.55,166.5 1 0
github.com/mzkki/ottodot-trial/internal/delivery/http/booking/handler.go:168.4,172.10 2 0
github.com/mzkki/ottodot-trial/internal/delivery/http/booking/handler.go:175.3,176.9 2 0
github.com/mzkki/ottodot-trial/internal/delivery/http/booking/handler.go:179.2,182.4 1 0
github.com/mzkki/ottodot-trial/internal/delivery/http/booking/handler.go:194.59,196.49 2 0
github.com/mzkki/ottodot-trial/internal/delivery/http/booking/handler.go:196.49,199.3 2 0
github.com/mzkki/ottodot-trial/internal/delivery/http/booking/handler.go:201.2,202.16 2 0
github.com/mzkki/ottodot-trial/internal/delivery/http/booking/handler.go:202.16,206.3 3 0
github.com/mzkki/ottodot-trial/internal/delivery/http/booking/handler.go:208.2,211.4 1 0
github.com/mzkki/ottodot-trial/internal/delivery/http/booking/route.go:9.73,18.2 6 0
github.com/mzkki/ottodot-trial/docs/docs.go:361.13,363.2 1 0
github.com/mzkki/ottodot-trial/internal/delivery/http/page/handler.go:16.102,21.2 1 0
github.com/mzkki/ottodot-trial/internal/delivery/http/page/handler.go:24.44,26.16 2 0
github.com/mzkki/ottodot-trial/internal/delivery/http/page/handler.go:26.16,33.3 3 0
github.com/mzkki/ottodot-trial/internal/delivery/http/page/handler.go:35.2,38.4 1 0
github.com/mzkki/ottodot-trial/internal/delivery/http/page/handler.go:42.51,44.16 2 0
github.com/mzkki/ottodot-trial/internal/delivery/http/page/handler.go:44.16,51.3 3 0
github.com/mzkki/ottodot-trial/internal/delivery/http/page/handler.go:53.2,56.4 1 0
github.com/mzkki/ottodot-trial/internal/delivery/http/page/route.go:7.62,10.2 2 0
github.com/mzkki/ottodot-trial/internal/bootstrap/provider.go:21.59,23.2 1 0
github.com/mzkki/ottodot-trial/internal/bootstrap/provider.go:25.63,27.2 1 0
github.com/mzkki/ottodot-trial/internal/bootstrap/provider.go:29.53,31.2 1 0
github.com/mzkki/ottodot-trial/internal/bootstrap/provider.go:35.66,37.2 1 0
github.com/mzkki/ottodot-trial/internal/bootstrap/provider.go:39.68,41.2 1 0
github.com/mzkki/ottodot-trial/internal/bootstrap/provider.go:43.74,45.2 1 0
github.com/mzkki/ottodot-trial/internal/bootstrap/provider.go:47.68,49.2 1 0
github.com/mzkki/ottodot-trial/internal/bootstrap/provider.go:51.82,53.2 1 0
github.com/mzkki/ottodot-trial/internal/bootstrap/provider.go:65.27,67.2 1 0
github.com/mzkki/ottodot-trial/internal/bootstrap/provider.go:71.103,73.2 1 0
github.com/mzkki/ottodot-trial/internal/bootstrap/provider.go:75.112,77.2 1 0
github.com/mzkki/ottodot-trial/internal/bootstrap/provider.go:79.106,81.2 1 0
github.com/mzkki/ottodot-trial/internal/bootstrap/wire_gen.go:20.78,30.16 10 0
github.com/mzkki/ottodot-trial/internal/bootstrap/wire_gen.go:30.16,32.3 1 0
github.com/mzkki/ottodot-trial/internal/bootstrap/wire_gen.go:33.2,43.22 5 0
